Archive member included to satisfy reference by file (symbol)

.pio\build\esp32-c6-devkitc-1\bootloader\esp-idf\main\libmain.a(bootloader_start.o)
                              (call_start_cpu0)
.pio\build\esp32-c6-devkitc-1\bootloader\esp-idf\bootloader_support\libbootloader_support.a(bootloader_utility.o)
                              .pio\build\esp32-c6-devkitc-1\bootloader\esp-idf\main\libmain.a(bootloader_start.o) (bootloader_utility_load_partition_table)
.pio\build\esp32-c6-devkitc-1\bootloader\esp-idf\bootloader_support\libbootloader_support.a(flash_partitions.o)
                              .pio\build\esp32-c6-devkitc-1\bootloader\esp-idf\bootloader_support\libbootloader_support.a(bootloader_utility.o) (esp_partition_table_verify)
.pio\build\esp32-c6-devkitc-1\bootloader\esp-idf\bootloader_support\libbootloader_support.a(esp_image_format.o)
                              .pio\build\esp32-c6-devkitc-1\bootloader\esp-idf\bootloader_support\libbootloader_support.a(bootloader_utility.o) (bootloader_load_image)
.pio\build\esp32-c6-devkitc-1\bootloader\esp-idf\bootloader_support\libbootloader_support.a(bootloader_console_loader.o)
                              .pio\build\esp32-c6-devkitc-1\bootloader\esp-idf\bootloader_support\libbootloader_support.a(bootloader_utility.o) (bootloader_console_deinit)
.pio\build\esp32-c6-devkitc-1\bootloader\esp-idf\bootloader_support\libbootloader_support.a(bootloader_sha.o)
                              .pio\build\esp32-c6-devkitc-1\bootloader\esp-idf\bootloader_support\libbootloader_support.a(bootloader_utility.o) (bootloader_sha256_start)
.pio\build\esp32-c6-devkitc-1\bootloader\esp-idf\bootloader_support\libbootloader_support.a(bootloader_soc.o)
                              .pio\build\esp32-c6-devkitc-1\bootloader\esp-idf\bootloader_support\libbootloader_support.a(bootloader_utility.o) (bootloader_ana_clock_glitch_reset_config)
.pio\build\esp32-c6-devkitc-1\bootloader\esp-idf\bootloader_support\libbootloader_support.a(bootloader_esp32c6.o)
                              .pio\build\esp32-c6-devkitc-1\bootloader\esp-idf\main\libmain.a(bootloader_start.o) (bootloader_init)
.pio\build\esp32-c6-devkitc-1\bootloader\esp-idf\bootloader_support\libbootloader_support.a(bootloader_panic.o)
                              (__assert_func)
.pio\build\esp32-c6-devkitc-1\bootloader\esp-idf\bootloader_support\libbootloader_support.a(bootloader_common_loader.o)
                              .pio\build\esp32-c6-devkitc-1\bootloader\esp-idf\bootloader_support\libbootloader_support.a(bootloader_utility.o) (bootloader_common_ota_select_crc)
.pio\build\esp32-c6-devkitc-1\bootloader\esp-idf\bootloader_support\libbootloader_support.a(bootloader_clock_init.o)
                              .pio\build\esp32-c6-devkitc-1\bootloader\esp-idf\bootloader_support\libbootloader_support.a(bootloader_esp32c6.o) (bootloader_clock_configure)
.pio\build\esp32-c6-devkitc-1\bootloader\esp-idf\bootloader_support\libbootloader_support.a(bootloader_mem.o)
                              .pio\build\esp32-c6-devkitc-1\bootloader\esp-idf\bootloader_support\libbootloader_support.a(bootloader_esp32c6.o) (bootloader_init_mem)
.pio\build\esp32-c6-devkitc-1\bootloader\esp-idf\bootloader_support\libbootloader_support.a(bootloader_random.o)
                              .pio\build\esp32-c6-devkitc-1\bootloader\esp-idf\bootloader_support\libbootloader_support.a(esp_image_format.o) (bootloader_fill_random)
.pio\build\esp32-c6-devkitc-1\bootloader\esp-idf\bootloader_support\libbootloader_support.a(bootloader_random_esp32c6.o)
                              .pio\build\esp32-c6-devkitc-1\bootloader\esp-idf\bootloader_support\libbootloader_support.a(bootloader_utility.o) (bootloader_random_disable)
.pio\build\esp32-c6-devkitc-1\bootloader\esp-idf\bootloader_support\libbootloader_support.a(flash_encrypt.o)
                              .pio\build\esp32-c6-devkitc-1\bootloader\esp-idf\bootloader_support\libbootloader_support.a(bootloader_utility.o) (esp_flash_encryption_enabled)
.pio\build\esp32-c6-devkitc-1\bootloader\esp-idf\bootloader_support\libbootloader_support.a(bootloader_flash.o)
                              .pio\build\esp32-c6-devkitc-1\bootloader\esp-idf\bootloader_support\libbootloader_support.a(bootloader_utility.o) (bootloader_mmap_get_free_pages)
.pio\build\esp32-c6-devkitc-1\bootloader\esp-idf\bootloader_support\libbootloader_support.a(bootloader_flash_config_esp32c6.o)
                              .pio\build\esp32-c6-devkitc-1\bootloader\esp-idf\bootloader_support\libbootloader_support.a(bootloader_esp32c6.o) (bootloader_flash_update_id)
.pio\build\esp32-c6-devkitc-1\bootloader\esp-idf\bootloader_support\libbootloader_support.a(bootloader_init.o)
                              .pio\build\esp32-c6-devkitc-1\bootloader\esp-idf\bootloader_support\libbootloader_support.a(bootloader_esp32c6.o) (bootloader_clear_bss_section)
[...]
Memory Configuration

Name             Origin             Length             Attributes
iram_seg         0x000000004086c410 0x0000000000002200 xrw
iram_loader_seg  0x000000004086e610 0x0000000000007000 xrw
dram_seg         0x0000000040875610 0x0000000000005000 rw
*default*        0x0000000000000000 0xffffffffffffffff

Linker script and memory map

                0x0000000000000000                IDF_TARGET_ESP32C6 = 0x0
START GROUP
LOAD .pio\build\esp32-c6-devkitc-1\bootloader\esp-idf\soc\libsoc.a
LOAD .pio\build\esp32-c6-devkitc-1\bootloader\esp-idf\main\libmain.a
LOAD .pio\build\esp32-c6-devkitc-1\bootloader\esp-idf\bootloader_support\libbootloader_support.a
LOAD .pio\build\esp32-c6-devkitc-1\bootloader\esp-idf\efuse\libefuse.a
LOAD .pio\build\esp32-c6-devkitc-1\bootloader\esp-idf\esp_app_format\libesp_app_format.a
LOAD .pio\build\esp32-c6-devkitc-1\bootloader\esp-idf\esp_common\libesp_common.a
LOAD .pio\build\esp32-c6-devkitc-1\bootloader\esp-idf\esp_hw_support\libesp_hw_support.a
LOAD .pio\build\esp32-c6-devkitc-1\bootloader\esp-idf\esp_rom\libesp_rom.a
LOAD .pio\build\esp32-c6-devkitc-1\bootloader\esp-idf\esp_system\libesp_system.a
LOAD .pio\build\esp32-c6-devkitc-1\bootloader\esp-idf\hal\libhal.a
LOAD .pio\build\esp32-c6-devkitc-1\bootloader\esp-idf\log\liblog.a
LOAD .pio\build\esp32-c6-devkitc-1\bootloader\esp-idf\micro-ecc\libmicro-ecc.a
LOAD .pio\build\esp32-c6-devkitc-1\bootloader\esp-idf\spi_flash\libspi_flash.a
END GROUP
LOAD c:/users/abc-hp/.platformio/packages/toolchain-riscv32-esp/bin/../lib/gcc/riscv32-esp-elf/12.2.0/rv32imac_zicsr_zifencei/ilp32/no-rtti\libgcc.a
LOAD c:/users/abc-hp/.platformio/packages/toolchain-riscv32-esp/bin/../lib/gcc/riscv32-esp-elf/12.2.0/../../../../riscv32-esp-elf/lib/rv32imac_zicsr_zifencei/ilp32/no-rtti\libc.a
LOAD c:/users/abc-hp/.platformio/packages/toolchain-riscv32-esp/bin/../lib/gcc/riscv32-esp-elf/12.2.0/../../../../riscv32-esp-elf/lib/rv32imac_zicsr_zifencei/ilp32/no-rtti\libnosys.a
LOAD c:/users/abc-hp/.platformio/packages/toolchain-riscv32-esp/bin/../lib/gcc/riscv32-esp-elf/12.2.0/../../../../riscv32-esp-elf/lib/rv32imac_zicsr_zifencei/ilp32/no-rtti\libc.a
LOAD c:/users/abc-hp/.platformio/packages/toolchain-riscv32-esp/bin/../lib/gcc/riscv32-esp-elf/12.2.0/rv32imac_zicsr_zifencei/ilp32/no-rtti\libgcc.a
START GROUP
LOAD c:/users/abc-hp/.platformio/packages/toolchain-riscv32-esp/bin/../lib/gcc/riscv32-esp-elf/12.2.0/rv32imac_zicsr_zifencei/ilp32/no-rtti\libgcc.a
LOAD c:/users/abc-hp/.platformio/packages/toolchain-riscv32-esp/bin/../lib/gcc/riscv32-esp-elf/12.2.0/../../../../riscv32-esp-elf/lib/rv32imac_zicsr_zifencei/ilp32/no-rtti\libc.a
LOAD c:/users/abc-hp/.platformio/packages/toolchain-riscv32-esp/bin/../lib/gcc/riscv32-esp-elf/12.2.0/../../../../riscv32-esp-elf/lib/rv32imac_zicsr_zifencei/ilp32/no-rtti\libnosys.a
END GROUP
                0x0000000040000018                rtc_get_reset_reason = 0x40000018
                0x000000004000001c                analog_super_wdt_reset_happened = 0x4000001c
                0x0000000040000020                rtc_get_wakeup_cause = 0x40000020
                0x0000000040000024                rtc_unhold_all_pads = 0x40000024
                0x0000000040000028                ets_printf = 0x40000028
                0x000000004000002c                ets_install_putc1 = 0x4000002c
                0x0000000040000030                ets_install_putc2 = 0x40000030
                0x0000000040000034                ets_install_uart_printf = 0x40000034
                0x0000000040000038                ets_install_usb_printf = 0x40000038
                0x000000004000003c                ets_get_printf_channel = 0x4000003c
                0x0000000040000040                ets_delay_us = 0x40000040
                0x0000000040000044                ets_get_cpu_frequency = 0x40000044
                0x0000000040000048                ets_update_cpu_frequency = 0x40000048
                0x000000004000004c                ets_install_lock = 0x4000004c
                0x0000000040000050                UartRxString = 0x40000050
                0x0000000040000054                UartGetCmdLn = 0x40000054
                0x0000000040000058                uart_tx_one_char = 0x40000058
                0x000000004000005c                uart_tx_one_char2 = 0x4000005c
                0x0000000040000060                uart_rx_one_char = 0x40000060
                0x0000000040000064                uart_rx_one_char_block = 0x40000064
                0x0000000040000068                uart_rx_intr_handler = 0x40000068
                0x000000004000006c                uart_rx_readbuff = 0x4000006c
                0x0000000040000070                uartAttach = 0x40000070
                0x0000000040000074                uart_tx_flush = 0x40000074
                0x0000000040000078                uart_tx_wait_idle = 0x40000078
                0x000000004000007c                uart_div_modify = 0x4000007c
                0x0000000040000080                ets_write_char_uart = 0x40000080
                0x0000000040000084                uart_tx_switch = 0x40000084
                0x0000000040000088                roundup2 = 0x40000088
                0x000000004000008c                multofup = 0x4000008c
                0x0000000040000090                software_reset = 0x40000090
                0x0000000040000094                software_reset_cpu = 0x40000094
                0x0000000040000098                ets_clk_assist_debug_clock_enable = 0x40000098
                0x000000004000009c                clear_super_wdt_reset_flag = 0x4000009c
                0x00000000400000a0                disable_default_watchdog = 0x400000a0
                0x00000000400000a4                esp_rom_set_rtc_wake_addr = 0x400000a4
                0x00000000400000a8                esp_rom_get_rtc_wake_addr = 0x400000a8
                0x00000000400000ac                send_packet = 0x400000ac
                0x00000000400000b0                recv_packet = 0x400000b0
                0x00000000400000b4                GetUartDevice = 0x400000b4
                0x00000000400000b8                UartDwnLdProc = 0x400000b8
                0x00000000400000bc                GetSecurityInfoProc = 0x400000bc
                0x00000000400000c0                Uart_Init = 0x400000c0
                0x00000000400000c4                ets_set_user_start = 0x400000c4
                0x000000004004fffc                ets_rom_layout_p = 0x4004fffc
                0x000000004087fff8                ets_ops_table_ptr = 0x4087fff8
                0x000000004087fffc                g_saved_pc = 0x4087fffc
                0x00000000400000c8                mz_adler32 = 0x400000c8
                0x00000000400000cc                mz_free = 0x400000cc
                0x00000000400000d0                tdefl_compress = 0x400000d0
                0x00000000400000d4                tdefl_compress_buffer = 0x400000d4
                0x00000000400000d8                tdefl_compress_mem_to_heap = 0x400000d8
                0x00000000400000dc                tdefl_compress_mem_to_mem = 0x400000dc
                0x00000000400000e0                tdefl_compress_mem_to_output = 0x400000e0
                0x00000000400000e4                tdefl_get_adler32 = 0x400000e4
                0x00000000400000e8                tdefl_get_prev_return_status = 0x400000e8
                0x00000000400000ec                tdefl_init = 0x400000ec
                0x00000000400000f0                tdefl_write_image_to_png_file_in_memory = 0x400000f0
                0x00000000400000f4                tdefl_write_image_to_png_file_in_memory_ex = 0x400000f4
                0x00000000400000f8                tinfl_decompress = 0x400000f8
                0x00000000400000fc                tinfl_decompress_mem_to_callback = 0x400000fc
                0x0000000040000100                tinfl_decompress_mem_to_heap = 0x40000100
                0x0000000040000104                tinfl_decompress_mem_to_mem = 0x40000104
                0x0000000040000108                jd_prepare = 0x40000108
                0x000000004000010c                jd_decomp = 0x4000010c
                0x0000000040000110                esp_rom_spiflash_wait_idle = 0x40000110
                0x0000000040000114                esp_rom_spiflash_write_encrypted = 0x40000114
                0x0000000040000118                esp_rom_spiflash_write_encrypted_dest = 0x40000118
                0x000000004000011c                esp_rom_spiflash_write_encrypted_enable = 0x4000011c
                0x0000000040000120                esp_rom_spiflash_write_encrypted_disable = 0x40000120
                0x0000000040000124                esp_rom_spiflash_erase_chip = 0x40000124
                0x0000000040000128                _esp_rom_spiflash_erase_sector = 0x40000128
                0x000000004000012c                _esp_rom_spiflash_erase_block = 0x4000012c
                0x0000000040000130                _esp_rom_spiflash_write = 0x40000130
                0x0000000040000134                _esp_rom_spiflash_read = 0x40000134
                0x0000000040000138                _esp_rom_spiflash_unlock = 0x40000138
                0x000000004000013c                _SPIEraseArea = 0x4000013c
                0x0000000040000140                _SPI_write_enable = 0x40000140
                0x0000000040000144                esp_rom_spiflash_erase_sector = 0x40000144
                0x0000000040000148                esp_rom_spiflash_erase_block = 0x40000148
                0x000000004000014c                esp_rom_spiflash_write = 0x4000014c
                0x0000000040000150                esp_rom_spiflash_read = 0x40000150
                0x0000000040000154                esp_rom_spiflash_unlock = 0x40000154
                0x0000000040000158                SPIEraseArea = 0x40000158
                0x000000004000015c                SPI_write_enable = 0x4000015c
                0x0000000040000160                esp_rom_spiflash_config_param = 0x40000160
                0x0000000040000164                esp_rom_spiflash_read_user_cmd = 0x40000164
                0x0000000040000168                esp_rom_spiflash_select_qio_pins = 0x40000168
                0x000000004000016c                esp_rom_spi_flash_auto_sus_res = 0x4000016c
                0x0000000040000170                esp_rom_spi_flash_send_resume = 0x40000170
                0x0000000040000174                esp_rom_spi_flash_update_id = 0x40000174
                0x0000000040000178                esp_rom_spiflash_config_clk = 0x40000178
                0x000000004000017c                esp_rom_spiflash_config_readmode = 0x4000017c
                0x0000000040000180                esp_rom_spiflash_read_status = 0x40000180
                0x0000000040000184                esp_rom_spiflash_read_statushigh = 0x40000184
                0x0000000040000188                esp_rom_spiflash_write_status = 0x40000188
                0x000000004000018c                spi_cache_mode_switch = 0x4000018c
                0x0000000040000190                spi_common_set_dummy_output = 0x40000190
                0x0000000040000194                spi_common_set_flash_cs_timing = 0x40000194
                0x0000000040000198                esp_rom_spi_set_address_bit_len = 0x40000198
                0x000000004000019c                SPILock = 0x4000019c
                0x00000000400001a0                SPIMasterReadModeCnfig = 0x400001a0
                0x00000000400001a4                SPI_Common_Command = 0x400001a4
                0x00000000400001a8                SPI_WakeUp = 0x400001a8
                0x00000000400001ac                SPI_block_erase = 0x400001ac
                0x00000000400001b0                SPI_chip_erase = 0x400001b0
                0x00000000400001b4                SPI_init = 0x400001b4
                0x00000000400001b8                SPI_page_program = 0x400001b8
                0x00000000400001bc                SPI_read_data = 0x400001bc
                0x00000000400001c0                SPI_sector_erase = 0x400001c0
                0x00000000400001c4                SelectSpiFunction = 0x400001c4
                0x00000000400001c8                SetSpiDrvs = 0x400001c8
                0x00000000400001cc                Wait_SPI_Idle = 0x400001cc
                0x00000000400001d0                spi_dummy_len_fix = 0x400001d0
                0x00000000400001d4                Disable_QMode = 0x400001d4
                0x00000000400001d8                Enable_QMode = 0x400001d8
                0x00000000400001dc                spi_flash_attach = 0x400001dc
                0x00000000400001e0                spi_flash_get_chip_size = 0x400001e0
                0x00000000400001e4                spi_flash_guard_set = 0x400001e4
                0x00000000400001e8                spi_flash_guard_get = 0x400001e8
                0x00000000400001ec                spi_flash_read_encrypted = 0x400001ec
                0x000000004087fff0                rom_spiflash_legacy_funcs = 0x4087fff0
                0x000000004087ffec                rom_spiflash_legacy_data = 0x4087ffec
                0x000000004087fff4                g_flash_guard_ops = 0x4087fff4
                0x0000000040000278                esp_rom_spiflash_write_disable = 0x40000278
                0x00000000400003c8                systimer_hal_set_tick_rate_ops = 0x400003c8
                0x00000000400003cc                systimer_hal_get_counter_value = 0x400003cc
                0x00000000400003d0                systimer_hal_get_time = 0x400003d0
                0x00000000400003d4                systimer_hal_set_alarm_target = 0x400003d4
                0x00000000400003d8                systimer_hal_set_alarm_period = 0x400003d8
                0x00000000400003dc                systimer_hal_get_alarm_value = 0x400003dc
                0x00000000400003e0                systimer_hal_enable_alarm_int = 0x400003e0
                0x00000000400003e4                systimer_hal_on_apb_freq_update = 0x400003e4
                0x00000000400003e8                systimer_hal_counter_value_advance = 0x400003e8
                0x00000000400003ec                systimer_hal_enable_counter = 0x400003ec
                0x00000000400003f0                systimer_hal_select_alarm_mode = 0x400003f0
                0x00000000400003f4                systimer_hal_connect_alarm_counter = 0x400003f4
                0x00000000400003f8                systimer_hal_counter_can_stall_by_cpu = 0x400003f8
                0x0000000040000628                Cache_Get_ICache_Line_Size = 0x40000628
                0x000000004000062c                Cache_Get_Mode = 0x4000062c
                0x0000000040000630                Cache_Address_Through_Cache = 0x40000630
                0x0000000040000634                ROM_Boot_Cache_Init = 0x40000634
                0x0000000040000638                MMU_Set_Page_Mode = 0x40000638
                0x000000004000063c                MMU_Get_Page_Mode = 0x4000063c
                0x0000000040000640                Cache_Invalidate_ICache_Items = 0x40000640
                0x0000000040000644                Cache_Op_Addr = 0x40000644
                0x0000000040000648                Cache_Invalidate_Addr = 0x40000648
                0x000000004000064c                Cache_Invalidate_ICache_All = 0x4000064c
                0x0000000040000650                Cache_Mask_All = 0x40000650
                0x0000000040000654                Cache_UnMask_Dram0 = 0x40000654
                0x0000000040000658                Cache_Suspend_ICache_Autoload = 0x40000658
                0x000000004000065c                Cache_Resume_ICache_Autoload = 0x4000065c
                0x0000000040000660                Cache_Start_ICache_Preload = 0x40000660
                0x0000000040000664                Cache_ICache_Preload_Done = 0x40000664
                0x0000000040000668                Cache_End_ICache_Preload = 0x40000668
                0x000000004000066c                Cache_Config_ICache_Autoload = 0x4000066c
                0x0000000040000670                Cache_Enable_ICache_Autoload = 0x40000670
                0x0000000040000674                Cache_Disable_ICache_Autoload = 0x40000674
                0x0000000040000678                Cache_Enable_ICache_PreLock = 0x40000678
                0x000000004000067c                Cache_Disable_ICache_PreLock = 0x4000067c
                0x0000000040000680                Cache_Lock_ICache_Items = 0x40000680
                0x0000000040000684                Cache_Unlock_ICache_Items = 0x40000684
                0x0000000040000688                Cache_Lock_Addr = 0x40000688
                0x000000004000068c                Cache_Unlock_Addr = 0x4000068c
                0x0000000040000690                Cache_Disable_ICache = 0x40000690
                0x0000000040000694                Cache_Enable_ICache = 0x40000694
                0x0000000040000698                Cache_Suspend_ICache = 0x40000698
                0x000000004000069c                Cache_Resume_ICache = 0x4000069c
                0x00000000400006a0                Cache_Freeze_ICache_Enable = 0x400006a0
                0x00000000400006a4                Cache_Freeze_ICache_Disable = 0x400006a4
                0x00000000400006a8                Cache_Set_IDROM_MMU_Size = 0x400006a8
                0x00000000400006ac                Cache_Get_IROM_MMU_End = 0x400006ac
                0x00000000400006b0                Cache_Get_DROM_MMU_End = 0x400006b0
                0x00000000400006b4                Cache_MMU_Init = 0x400006b4
                0x00000000400006b8                Cache_MSPI_MMU_Set = 0x400006b8
                0x00000000400006bc                Cache_Travel_Tag_Memory = 0x400006bc
                0x00000000400006c0                Cache_Get_Virtual_Addr = 0x400006c0
                0x000000004087ffcc                rom_cache_op_cb = 0x4087ffcc
                0x000000004087ffc8                rom_cache_internal_table_ptr = 0x4087ffc8
                0x00000000400006c4                ets_clk_get_xtal_freq = 0x400006c4
                0x00000000400006c8                ets_clk_get_cpu_freq = 0x400006c8
                0x00000000400006cc                ets_clk_apb_wait_ready = 0x400006cc
                0x00000000400006d0                ets_clk_mspi_apb_wait_ready = 0x400006d0
                0x00000000400006d4                gpio_input_get = 0x400006d4
                0x00000000400006d8                gpio_matrix_in = 0x400006d8
                0x00000000400006dc                gpio_matrix_out = 0x400006dc
                0x00000000400006e0                gpio_output_disable = 0x400006e0
                0x00000000400006e4                gpio_output_enable = 0x400006e4
                0x00000000400006e8                gpio_output_set = 0x400006e8
                0x00000000400006ec                gpio_pad_hold = 0x400006ec
                0x00000000400006f0                gpio_pad_input_disable = 0x400006f0
                0x00000000400006f4                gpio_pad_input_enable = 0x400006f4
                0x00000000400006f8                gpio_pad_pulldown = 0x400006f8
                0x00000000400006fc                gpio_pad_pullup = 0x400006fc
                0x0000000040000700                gpio_pad_select_gpio = 0x40000700
                0x0000000040000704                gpio_pad_set_drv = 0x40000704
                0x0000000040000708                gpio_pad_unhold = 0x40000708
                0x000000004000070c                gpio_pin_wakeup_disable = 0x4000070c
                0x0000000040000710                gpio_pin_wakeup_enable = 0x40000710
                0x0000000040000714                gpio_bypass_matrix_in = 0x40000714
                0x0000000040000718                esprv_intc_int_set_priority = 0x40000718
                0x000000004000071c                esprv_intc_int_set_threshold = 0x4000071c
                0x0000000040000720                esprv_intc_int_enable = 0x40000720
                0x0000000040000724                esprv_intc_int_disable = 0x40000724
                0x0000000040000728                esprv_intc_int_set_type = 0x40000728
                [!provide]                        PROVIDE (intr_handler_set = 0x4000072c)
                0x0000000040000730                intr_matrix_set = 0x40000730
                0x0000000040000734                ets_intr_lock = 0x40000734
                0x0000000040000738                ets_intr_unlock = 0x40000738
                0x000000004000073c                ets_isr_attach = 0x4000073c
                0x0000000040000740                ets_isr_mask = 0x40000740
                0x0000000040000744                ets_isr_unmask = 0x40000744
                0x0000000040000748                md5_vector = 0x40000748
                0x000000004000074c                MD5Init = 0x4000074c
                0x0000000040000750                MD5Update = 0x40000750
                0x0000000040000754                MD5Final = 0x40000754
                0x0000000040000758                crc32_le = 0x40000758
                0x000000004000075c                crc16_le = 0x4000075c
                0x0000000040000760                crc8_le = 0x40000760
                0x0000000040000764                crc32_be = 0x40000764
                0x0000000040000768                crc16_be = 0x40000768
                0x000000004000076c                crc8_be = 0x4000076c
                0x0000000040000770                esp_crc8 = 0x40000770
                0x0000000040000774                ets_sha_enable = 0x40000774
                0x0000000040000778                ets_sha_disable = 0x40000778
                0x000000004000077c                ets_sha_get_state = 0x4000077c
                0x0000000040000780                ets_sha_init = 0x40000780
                0x0000000040000784                ets_sha_process = 0x40000784
                0x0000000040000788                ets_sha_starts = 0x40000788
                0x000000004000078c                ets_sha_update = 0x4000078c
                0x0000000040000790                ets_sha_finish = 0x40000790
                0x0000000040000794                ets_sha_clone = 0x40000794
                0x0000000040000798                ets_hmac_enable = 0x40000798
                0x000000004000079c                ets_hmac_disable = 0x4000079c
                0x00000000400007a0                ets_hmac_calculate_message = 0x400007a0
                0x00000000400007a4                ets_hmac_calculate_downstream = 0x400007a4
                0x00000000400007a8                ets_hmac_invalidate_downstream = 0x400007a8
                0x00000000400007ac                ets_jtag_enable_temporarily = 0x400007ac
                0x00000000400007b0                ets_aes_enable = 0x400007b0
                0x00000000400007b4                ets_aes_disable = 0x400007b4
                0x00000000400007b8                ets_aes_setkey = 0x400007b8
                0x00000000400007bc                ets_aes_block = 0x400007bc
                0x00000000400007c0                ets_aes_setkey_dec = 0x400007c0
                0x00000000400007c4                ets_aes_setkey_enc = 0x400007c4
                0x00000000400007c8                ets_bigint_enable = 0x400007c8
                0x00000000400007cc                ets_bigint_disable = 0x400007cc
                0x00000000400007d0                ets_bigint_multiply = 0x400007d0
                0x00000000400007d4                ets_bigint_modmult = 0x400007d4
                0x00000000400007d8                ets_bigint_modexp = 0x400007d8
                0x00000000400007dc                ets_bigint_wait_finish = 0x400007dc
                0x00000000400007e0                ets_bigint_getz = 0x400007e0
                0x00000000400007e4                ets_ds_enable = 0x400007e4
                0x00000000400007e8                ets_ds_disable = 0x400007e8
                0x00000000400007ec                ets_ds_start_sign = 0x400007ec
                0x00000000400007f0                ets_ds_is_busy = 0x400007f0
                0x00000000400007f4                ets_ds_finish_sign = 0x400007f4
                0x00000000400007f8                ets_ds_encrypt_params = 0x400007f8
                0x00000000400007fc                ets_mgf1_sha256 = 0x400007fc
                0x000000004004fff8                crc32_le_table_ptr = 0x4004fff8
                0x000000004004fff4                crc16_le_table_ptr = 0x4004fff4
                0x000000004004fff0                crc8_le_table_ptr = 0x4004fff0
                0x000000004004ffec                crc32_be_table_ptr = 0x4004ffec
                0x000000004004ffe8                crc16_be_table_ptr = 0x4004ffe8
                0x000000004004ffe4                crc8_be_table_ptr = 0x4004ffe4
                0x0000000040000800                ets_efuse_read = 0x40000800
                0x0000000040000804                ets_efuse_program = 0x40000804
                0x0000000040000808                ets_efuse_clear_program_registers = 0x40000808
                0x000000004000080c                ets_efuse_write_key = 0x4000080c
                0x0000000040000810                ets_efuse_get_read_register_address = 0x40000810
                0x0000000040000814                ets_efuse_get_key_purpose = 0x40000814
                0x0000000040000818                ets_efuse_key_block_unused = 0x40000818
                0x000000004000081c                ets_efuse_find_unused_key_block = 0x4000081c
                0x0000000040000820                ets_efuse_rs_calculate = 0x40000820
                0x0000000040000824                ets_efuse_count_unused_key_blocks = 0x40000824
                0x0000000040000828                ets_efuse_secure_boot_enabled = 0x40000828
                0x000000004000082c                ets_efuse_secure_boot_aggressive_revoke_enabled = 0x4000082c
                0x0000000040000830                ets_efuse_cache_encryption_enabled = 0x40000830
                0x0000000040000834                ets_efuse_download_modes_disabled = 0x40000834
                0x0000000040000838                ets_efuse_find_purpose = 0x40000838
                0x000000004000083c                ets_efuse_force_send_resume = 0x4000083c
                0x0000000040000840                ets_efuse_get_flash_delay_us = 0x40000840
                0x0000000040000844                ets_efuse_get_mac = 0x40000844
                0x0000000040000848                ets_efuse_get_uart_print_control = 0x40000848
                0x000000004000084c                ets_efuse_direct_boot_mode_disabled = 0x4000084c
                0x0000000040000850                ets_efuse_security_download_modes_enabled = 0x40000850
                0x0000000040000854                ets_efuse_set_timing = 0x40000854
                0x0000000040000858                ets_efuse_jtag_disabled = 0x40000858
                0x000000004000085c                ets_efuse_usb_print_is_disabled = 0x4000085c
                0x0000000040000860                ets_efuse_usb_download_mode_disabled = 0x40000860
                0x0000000040000864                ets_efuse_usb_device_disabled = 0x40000864
                0x0000000040000868                ets_efuse_secure_boot_fast_wake_enabled = 0x40000868
                0x000000004000086c                ets_emsa_pss_verify = 0x4000086c
                0x0000000040000870                ets_rsa_pss_verify = 0x40000870
                0x0000000040000874                ets_secure_boot_verify_bootloader_with_keys = 0x40000874
                0x0000000040000878                ets_secure_boot_verify_signature = 0x40000878
                0x000000004000087c                ets_secure_boot_read_key_digests = 0x4000087c
                0x0000000040000880                ets_secure_boot_revoke_public_key_digest = 0x40000880
                0x0000000040000a80                usb_serial_device_rx_one_char = 0x40000a80
                0x0000000040000a84                usb_serial_device_rx_one_char_block = 0x40000a84
                0x0000000040000a88                usb_serial_device_tx_flush = 0x40000a88
                0x0000000040000a8c                usb_serial_device_tx_one_char = 0x40000a8c
                0x0000000040000a90                lldesc_build_chain = 0x40000a90
                0x0000000040000a94                sip_after_tx_complete = 0x40000a94
                0x0000000040000a98                sip_alloc_to_host_evt = 0x40000a98
                0x0000000040000a9c                sip_download_begin = 0x40000a9c
                0x0000000040000aa0                sip_get_ptr = 0x40000aa0
                0x0000000040000aa4                sip_get_state = 0x40000aa4
                0x0000000040000aa8                sip_init_attach = 0x40000aa8
                0x0000000040000aac                sip_install_rx_ctrl_cb = 0x40000aac
                0x0000000040000ab0                sip_install_rx_data_cb = 0x40000ab0
                0x0000000040000ab4                sip_is_active = 0x40000ab4
                0x0000000040000ab8                sip_post_init = 0x40000ab8
                0x0000000040000abc                sip_reclaim_from_host_cmd = 0x40000abc
                0x0000000040000ac0                sip_reclaim_tx_data_pkt = 0x40000ac0
                0x0000000040000ac4                sip_send = 0x40000ac4
                0x0000000040000ac8                sip_to_host_chain_append = 0x40000ac8
                0x0000000040000acc                sip_to_host_evt_send_done = 0x40000acc
                0x0000000040000ad0                slc_add_credits = 0x40000ad0
                0x0000000040000ad4                slc_enable = 0x40000ad4
                0x0000000040000ad8                slc_from_host_chain_fetch = 0x40000ad8
                0x0000000040000adc                slc_from_host_chain_recycle = 0x40000adc
                0x0000000040000ae0                slc_has_pkt_to_host = 0x40000ae0
                0x0000000040000ae4                slc_init_attach = 0x40000ae4
                0x0000000040000ae8                slc_init_credit = 0x40000ae8
                0x0000000040000aec                slc_reattach = 0x40000aec
                0x0000000040000af0                slc_send_to_host_chain = 0x40000af0
                0x0000000040000af4                slc_set_host_io_max_window = 0x40000af4
                0x0000000040000af8                slc_to_host_chain_recycle = 0x40000af8
                0x0000000040000758                PROVIDE (esp_rom_crc32_le = crc32_le)
                [!provide]                        PROVIDE (esp_rom_crc16_le = crc16_le)
                [!provide]                        PROVIDE (esp_rom_crc8_le = crc8_le)
                [!provide]                        PROVIDE (esp_rom_crc32_be = crc32_be)
                [!provide]                        PROVIDE (esp_rom_crc16_be = crc16_be)
                [!provide]                        PROVIDE (esp_rom_crc8_be = crc8_be)
                [!provide]                        PROVIDE (esp_rom_gpio_pad_select_gpio = gpio_pad_select_gpio)
                [!provide]                        PROVIDE (esp_rom_gpio_pad_pullup_only = gpio_pad_pullup)
                0x0000000040000704                PROVIDE (esp_rom_gpio_pad_set_drv = gpio_pad_set_drv)
                [!provide]                        PROVIDE (esp_rom_gpio_pad_unhold = gpio_pad_unhold)
                [!provide]                        PROVIDE (esp_rom_gpio_connect_in_signal = gpio_matrix_in)
                [!provide]                        PROVIDE (esp_rom_gpio_connect_out_signal = gpio_matrix_out)
                [!provide]                        PROVIDE (esp_rom_efuse_mac_address_crc8 = esp_crc8)
                [!provide]                        PROVIDE (esp_rom_efuse_is_secure_boot_enabled = ets_efuse_secure_boot_enabled)
                0x0000000040000074                PROVIDE (esp_rom_uart_flush_tx = uart_tx_flush)
                [!provide]                        PROVIDE (esp_rom_uart_tx_one_char = uart_tx_one_char2)
                0x0000000040000078                PROVIDE (esp_rom_uart_tx_wait_idle = uart_tx_wait_idle)
                [!provide]                        PROVIDE (esp_rom_uart_rx_one_char = uart_rx_one_char)
                [!provide]                        PROVIDE (esp_rom_uart_rx_string = UartRxString)
                [!provide]                        PROVIDE (esp_rom_uart_set_as_console = uart_tx_switch)
                [!provide]                        PROVIDE (esp_rom_uart_putc = ets_write_char_uart)
                0x000000004000074c                PROVIDE (esp_rom_md5_init = MD5Init)
                0x0000000040000750                PROVIDE (esp_rom_md5_update = MD5Update)
                0x0000000040000754                PROVIDE (esp_rom_md5_final = MD5Final)
                0x0000000040000090                PROVIDE (esp_rom_software_reset_system = software_reset)
                [!provide]                        PROVIDE (esp_rom_software_reset_cpu = software_reset_cpu)
                0x0000000040000028                PROVIDE (esp_rom_printf = ets_printf)
                0x0000000040000034                PROVIDE (esp_rom_install_uart_printf = ets_install_uart_printf)
                0x0000000040000040                PROVIDE (esp_rom_delay_us = ets_delay_us)
                0x0000000040000018                PROVIDE (esp_rom_get_reset_reason = rtc_get_reset_reason)
                [!provide]                        PROVIDE (esp_rom_route_intr_matrix = intr_matrix_set)
                0x0000000040000044                PROVIDE (esp_rom_get_cpu_ticks_per_us = ets_get_cpu_frequency)
                0x0000000040000048                PROVIDE (esp_rom_set_cpu_ticks_per_us = ets_update_cpu_frequency)
                [!provide]                        PROVIDE (esp_rom_spiflash_attach = spi_flash_attach)
                [!provide]                        PROVIDE (esp_rom_spiflash_clear_bp = esp_rom_spiflash_unlock)
                [!provide]                        PROVIDE (esp_rom_spiflash_write_enable = SPI_write_enable)
                [!provide]                        PROVIDE (esp_rom_spiflash_erase_area = SPIEraseArea)
                0x00000000400001d0                PROVIDE (esp_rom_spiflash_fix_dummylen = spi_dummy_len_fix)
                [!provide]                        PROVIDE (esp_rom_spiflash_set_drvs = SetSpiDrvs)
                [!provide]                        PROVIDE (esp_rom_spiflash_select_padsfunc = SelectSpiFunction)
                [!provide]                        PROVIDE (esp_rom_spiflash_common_cmd = SPI_Common_Command)
                0x00000000400009f4                __adddf3 = 0x400009f4
                0x00000000400009f8                __addsf3 = 0x400009f8
                0x00000000400009fc                __eqdf2 = 0x400009fc
                0x0000000040000a00                __eqsf2 = 0x40000a00
                0x0000000040000a04                __extendsfdf2 = 0x40000a04
                0x0000000040000a08                __fixdfdi = 0x40000a08
                0x0000000040000a0c                __fixdfsi = 0x40000a0c
                0x0000000040000a10                __fixsfdi = 0x40000a10
                0x0000000040000a14                __fixsfsi = 0x40000a14
                0x0000000040000a18                __fixunsdfsi = 0x40000a18
                0x0000000040000a1c                __fixunssfdi = 0x40000a1c
                0x0000000040000a20                __fixunssfsi = 0x40000a20
                0x0000000040000a24                __floatdidf = 0x40000a24
                0x0000000040000a28                __floatdisf = 0x40000a28
                0x0000000040000a2c                __floatsidf = 0x40000a2c
                0x0000000040000a30                __floatsisf = 0x40000a30
                0x0000000040000a34                __floatundidf = 0x40000a34
                0x0000000040000a38                __floatundisf = 0x40000a38
                0x0000000040000a3c                __floatunsidf = 0x40000a3c
                0x0000000040000a40                __floatunsisf = 0x40000a40
                0x0000000040000a44                __gedf2 = 0x40000a44
                0x0000000040000a48                __gesf2 = 0x40000a48
                0x0000000040000a4c                __gtdf2 = 0x40000a4c
                0x0000000040000a50                __gtsf2 = 0x40000a50
                0x0000000040000a54                __ledf2 = 0x40000a54
                0x0000000040000a58                __lesf2 = 0x40000a58
                0x0000000040000a5c                __ltdf2 = 0x40000a5c
                0x0000000040000a60                __ltsf2 = 0x40000a60
                0x0000000040000a64                __muldf3 = 0x40000a64
                0x0000000040000a68                __mulsf3 = 0x40000a68
                0x0000000040000a6c                __nedf2 = 0x40000a6c
                0x0000000040000a70                __nesf2 = 0x40000a70
                0x0000000040000a74                __subdf3 = 0x40000a74
                0x0000000040000a78                __subsf3 = 0x40000a78
                0x0000000040000a7c                __truncdfsf2 = 0x40000a7c
                0x0000000040000884                __absvdi2 = 0x40000884
                0x0000000040000888                __absvsi2 = 0x40000888
                0x0000000040000894                __addvdi3 = 0x40000894
                0x0000000040000898                __addvsi3 = 0x40000898
                0x000000004000089c                __ashldi3 = 0x4000089c
                0x00000000400008a0                __ashrdi3 = 0x400008a0
                0x00000000400008a4                __bswapdi2 = 0x400008a4
                0x00000000400008a8                __bswapsi2 = 0x400008a8
                0x00000000400008ac                __clear_cache = 0x400008ac
                0x00000000400008b0                __clrsbdi2 = 0x400008b0
                0x00000000400008b4                __clrsbsi2 = 0x400008b4
                0x00000000400008b8                __clzdi2 = 0x400008b8
                0x00000000400008bc                __clzsi2 = 0x400008bc
                0x00000000400008c0                __cmpdi2 = 0x400008c0
                0x00000000400008c4                __ctzdi2 = 0x400008c4
                0x00000000400008c8                __ctzsi2 = 0x400008c8
                0x00000000400008cc                __divdc3 = 0x400008cc
                0x00000000400008d0                __divdf3 = 0x400008d0
                0x00000000400008d4                __divdi3 = 0x400008d4
                0x00000000400008d8                __divsc3 = 0x400008d8
                0x00000000400008dc                __divsf3 = 0x400008dc
                0x00000000400008e0                __divsi3 = 0x400008e0
                0x00000000400008f0                __ffsdi2 = 0x400008f0
                0x00000000400008f4                __ffssi2 = 0x400008f4
                0x0000000040000934                __gcc_bcmp = 0x40000934
                0x0000000040000950                __lshrdi3 = 0x40000950
                0x000000004000095c                __moddi3 = 0x4000095c
                0x0000000040000960                __modsi3 = 0x40000960
                0x0000000040000964                __muldc3 = 0x40000964
                0x000000004000096c                __muldi3 = 0x4000096c
                0x0000000040000970                __mulsc3 = 0x40000970
                0x0000000040000978                __mulsi3 = 0x40000978
                0x000000004000097c                __mulvdi3 = 0x4000097c
                0x0000000040000980                __mulvsi3 = 0x40000980
                0x0000000040000988                __negdf2 = 0x40000988
                0x000000004000098c                __negdi2 = 0x4000098c
                0x0000000040000990                __negsf2 = 0x40000990
                0x0000000040000994                __negvdi2 = 0x40000994
                0x0000000040000998                __negvsi2 = 0x40000998
                0x00000000400009a0                __paritysi2 = 0x400009a0
                0x00000000400009a4                __popcountdi2 = 0x400009a4
                0x00000000400009a8                __popcountsi2 = 0x400009a8
                0x00000000400009ac                __powidf2 = 0x400009ac
                0x00000000400009b0                __powisf2 = 0x400009b0
                0x00000000400009bc                __subvdi3 = 0x400009bc
                0x00000000400009c0                __subvsi3 = 0x400009c0
                0x00000000400009c8                __ucmpdi2 = 0x400009c8
                0x00000000400009cc                __udivdi3 = 0x400009cc
                0x00000000400009d0                __udivmoddi4 = 0x400009d0
                0x00000000400009d4                __udivsi3 = 0x400009d4
                0x00000000400009d8                __udiv_w_sdiv = 0x400009d8
                0x00000000400009dc                __umoddi3 = 0x400009dc
                0x00000000400009e0                __umodsi3 = 0x400009e0
                0x00000000400009e4                __unorddf2 = 0x400009e4
                0x00000000400009e8                __unordsf2 = 0x400009e8
                0x00000000400009ec                __extenddftf2 = 0x400009ec
                0x00000000400009f0                __trunctfdf2 = 0x400009f0
                0x00000000400004a4                esp_rom_newlib_init_common_mutexes = 0x400004a4
                0x00000000400004a8                memset = 0x400004a8
                0x00000000400004ac                memcpy = 0x400004ac
                0x00000000400004b0                memmove = 0x400004b0
                0x00000000400004b4                memcmp = 0x400004b4
                0x00000000400004b8                strcpy = 0x400004b8
                0x00000000400004bc                strncpy = 0x400004bc
                0x00000000400004c0                strcmp = 0x400004c0
                0x00000000400004c4                strncmp = 0x400004c4
                0x00000000400004c8                strlen = 0x400004c8
                0x00000000400004cc                strstr = 0x400004cc
                0x00000000400004d0                bzero = 0x400004d0
                0x00000000400004d4                _isatty_r = 0x400004d4
                0x00000000400004d8                sbrk = 0x400004d8
                0x00000000400004dc                isalnum = 0x400004dc
                0x00000000400004e0                isalpha = 0x400004e0
                0x00000000400004e4                isascii = 0x400004e4
                0x00000000400004e8                isblank = 0x400004e8
                0x00000000400004ec                iscntrl = 0x400004ec
                0x00000000400004f0                isdigit = 0x400004f0
                0x00000000400004f4                islower = 0x400004f4
                0x00000000400004f8                isgraph = 0x400004f8
                0x00000000400004fc                isprint = 0x400004fc
                0x0000000040000500                ispunct = 0x40000500
                0x0000000040000504                isspace = 0x40000504
                0x0000000040000508                isupper = 0x40000508
                0x000000004000050c                toupper = 0x4000050c
                0x0000000040000510                tolower = 0x40000510
                0x0000000040000514                toascii = 0x40000514
                0x0000000040000518                memccpy = 0x40000518
                0x000000004000051c                memchr = 0x4000051c
                0x0000000040000520                memrchr = 0x40000520
                0x0000000040000524                strcasecmp = 0x40000524
                0x0000000040000528                strcasestr = 0x40000528
                0x000000004000052c                strcat = 0x4000052c
                0x0000000040000530                strdup = 0x40000530
                0x0000000040000534                strchr = 0x40000534
                0x0000000040000538                strcspn = 0x40000538
                0x000000004000053c                strcoll = 0x4000053c
                0x0000000040000540                strlcat = 0x40000540
                0x0000000040000544                strlcpy = 0x40000544
                0x0000000040000548                strlwr = 0x40000548
                0x000000004000054c                strncasecmp = 0x4000054c
                0x0000000040000550                strncat = 0x40000550
                0x0000000040000554                strndup = 0x40000554
                0x0000000040000558                strnlen = 0x40000558
                0x000000004000055c                strrchr = 0x4000055c
                0x0000000040000560                strsep = 0x40000560
                0x0000000040000564                strspn = 0x40000564
                0x0000000040000568                strtok_r = 0x40000568
                0x000000004000056c                strupr = 0x4000056c
                0x0000000040000570                longjmp = 0x40000570
                0x0000000040000574                setjmp = 0x40000574
                0x0000000040000578                abs = 0x40000578
                0x000000004000057c                div = 0x4000057c
                0x0000000040000580                labs = 0x40000580
                0x0000000040000584                ldiv = 0x40000584
                0x0000000040000588                qsort = 0x40000588
                0x000000004000058c                rand_r = 0x4000058c
                0x0000000040000590                rand = 0x40000590
                0x0000000040000594                srand = 0x40000594
                0x0000000040000598                utoa = 0x40000598
                0x000000004000059c                itoa = 0x4000059c
                0x00000000400005a0                atoi = 0x400005a0
                0x00000000400005a4                atol = 0x400005a4
                0x00000000400005a8                strtol = 0x400005a8
                0x00000000400005ac                strtoul = 0x400005ac
                0x00000000400005b0                fflush = 0x400005b0
                0x00000000400005b4                _fflush_r = 0x400005b4
                0x00000000400005b8                _fwalk = 0x400005b8
                0x00000000400005bc                _fwalk_reent = 0x400005bc
                0x00000000400005c0                __smakebuf_r = 0x400005c0
                0x00000000400005c4                __swhatbuf_r = 0x400005c4
                0x00000000400005c8                __swbuf_r = 0x400005c8
                0x00000000400005cc                __swbuf = 0x400005cc
                0x00000000400005d0                __swsetup_r = 0x400005d0
                0x000000004087ffd4                syscall_table_ptr = 0x4087ffd4
                0x000000004087ffd0                _global_impure_ptr = 0x4087ffd0
                0x0000000040001104                phy_param_addr = 0x40001104
                0x0000000040001108                phy_get_romfuncs = 0x40001108
                0x000000004000110c                chip761_phyrom_version = 0x4000110c
                0x0000000040001110                chip761_phyrom_version_num = 0x40001110
                0x0000000040001114                get_rc_dout = 0x40001114
                0x0000000040001118                rc_cal = 0x40001118
                0x000000004000111c                rom_enter_critical_phy = 0x4000111c
                0x0000000040001120                rom_exit_critical_phy = 0x40001120
                0x0000000040001124                rom_set_chan_cal_interp = 0x40001124
                0x0000000040001128                rom_loopback_mode_en = 0x40001128
                0x000000004000112c                rom_bb_bss_cbw40 = 0x4000112c
                0x0000000040001130                abs_temp = 0x40001130
                0x0000000040001134                get_data_sat = 0x40001134
                0x0000000040001138                phy_byte_to_word = 0x40001138
                0x000000004000113c                set_chan_reg = 0x4000113c
                0x0000000040001140                i2c_master_reset = 0x40001140
                0x0000000040001144                rom_set_chan_freq_sw_start = 0x40001144
                0x0000000040001148                freq_module_resetn = 0x40001148
                0x000000004000114c                freq_chan_en_sw = 0x4000114c
                0x0000000040001150                write_chan_freq = 0x40001150
                0x0000000040001154                get_freq_mem_param = 0x40001154
                0x0000000040001158                get_freq_mem_addr = 0x40001158
                0x000000004000115c                bt_txpwr_freq = 0x4000115c
                0x0000000040001160                wr_rf_freq_mem = 0x40001160
                0x0000000040001164                read_rf_freq_mem = 0x40001164
                0x0000000040001168                freq_i2c_mem_write = 0x40001168
                0x000000004000116c                freq_num_get_data = 0x4000116c
                0x0000000040001170                freq_i2c_num_addr = 0x40001170
                0x0000000040001174                freq_i2c_write_set = 0x40001174
                0x0000000040001178                pll_dac_mem_update = 0x40001178
                0x000000004000117c                pll_cap_mem_update = 0x4000117c
                0x0000000040001180                get_rf_freq_cap = 0x40001180
                0x0000000040001184                get_rf_freq_init = 0x40001184
                0x0000000040001188                phy_en_hw_set_freq = 0x40001188
                0x000000004000118c                phy_dis_hw_set_freq = 0x4000118c
                0x0000000040001190                rom_pwdet_sar2_init = 0x40001190
                0x0000000040001194                rom_en_pwdet = 0x40001194
                0x0000000040001198                rom_get_sar_sig_ref = 0x40001198
                0x000000004000119c                rom_pwdet_tone_start = 0x4000119c
                0x00000000400011a0                rom_pwdet_wait_idle = 0x400011a0
                0x00000000400011a4                rom_read_sar_dout = 0x400011a4
                0x00000000400011a8                get_tone_sar_dout = 0x400011a8
                0x00000000400011ac                get_fm_sar_dout = 0x400011ac
                0x00000000400011b0                txtone_linear_pwr = 0x400011b0
                0x00000000400011b4                linear_to_db = 0x400011b4
                0x00000000400011b8                get_power_db = 0x400011b8
                0x00000000400011bc                meas_tone_pwr_db = 0x400011bc
                0x00000000400011c0                pkdet_vol_start = 0x400011c0
                0x00000000400011c4                read_sar2_code = 0x400011c4
                0x00000000400011c8                get_sar2_vol = 0x400011c8
                0x00000000400011cc                get_pll_vol = 0x400011cc
                0x00000000400011d0                tx_pwctrl_bg_init = 0x400011d0
                0x00000000400011d4                phy_pwdet_always_en = 0x400011d4
                0x00000000400011d8                phy_pwdet_onetime_en = 0x400011d8
                0x00000000400011dc                esp_tx_state_out_rom = 0x400011dc
                0x00000000400011e0                ant_dft_cfg_rom = 0x400011e0
                0x00000000400011e4                ant_wifitx_cfg_rom = 0x400011e4
                0x00000000400011e8                ant_wifirx_cfg_rom = 0x400011e8
                0x00000000400011ec                ant_bttx_cfg_rom = 0x400011ec
                0x00000000400011f0                ant_btrx_cfg_rom = 0x400011f0
                0x00000000400011f4                phy_chan_dump_cfg_rom = 0x400011f4
                0x00000000400011f8                phy_enable_low_rate = 0x400011f8
                0x00000000400011fc                phy_disable_low_rate = 0x400011fc
                0x0000000040001200                phy_is_low_rate_enabled = 0x40001200
                0x0000000040001204                phy_dig_reg_backup_rom = 0x40001204
                0x0000000040001208                phy_chan_filt_set_rom = 0x40001208
                0x000000004000120c                phy_rx11blr_cfg = 0x4000120c
                0x0000000040001210                set_cca_rom = 0x40001210
                0x0000000040001214                set_rx_sense_rom = 0x40001214
                0x0000000040001218                rx_gain_force_rom = 0x40001218
                0x000000004000121c                rom_rfpll_set_freq = 0x4000121c
                0x0000000040001220                mhz2ieee = 0x40001220
                0x0000000040001224                chan_to_freq = 0x40001224
                0x0000000040001228                restart_cal = 0x40001228
                0x000000004000122c                write_rfpll_sdm = 0x4000122c
                0x0000000040001230                wait_rfpll_cal_end = 0x40001230
                0x0000000040001234                set_rf_freq_offset = 0x40001234
                0x0000000040001238                set_rfpll_freq = 0x40001238
                0x000000004000123c                set_channel_rfpll_freq = 0x4000123c
                0x0000000040001240                rfpll_cap_correct = 0x40001240
                0x0000000040001244                rfpll_cap_init_cal = 0x40001244
                0x0000000040001248                write_pll_cap = 0x40001248
                0x000000004000124c                read_pll_cap = 0x4000124c
                0x0000000040001250                chip_v7_set_chan_ana = 0x40001250
                0x0000000040001254                freq_set_reg = 0x40001254
                0x0000000040001258                gen_rx_gain_table = 0x40001258
                0x000000004000125c                bt_txdc_cal = 0x4000125c
                0x0000000040001260                bt_txiq_cal = 0x40001260
                0x0000000040001264                txiq_cal_init = 0x40001264
                0x0000000040001268                txdc_cal_init = 0x40001268
                0x000000004000126c                txdc_cal = 0x4000126c
                0x0000000040001270                txiq_get_mis_pwr = 0x40001270
                0x0000000040001274                txiq_cover = 0x40001274
                0x0000000040001278                rfcal_txiq = 0x40001278
                0x000000004000127c                get_power_atten = 0x4000127c
                0x0000000040001280                pwdet_ref_code = 0x40001280
                0x0000000040001284                pwdet_code_cal = 0x40001284
                0x0000000040001288                rfcal_txcap = 0x40001288
                0x000000004000128c                tx_cap_init = 0x4000128c
                0x0000000040001290                rfcal_pwrctrl = 0x40001290
                0x0000000040001294                tx_pwctrl_init_cal = 0x40001294
                0x0000000040001298                tx_pwctrl_init = 0x40001298
                0x000000004000129c                bt_tx_pwctrl_init = 0x4000129c
                0x00000000400012a0                rom_i2c_enter_critical = 0x400012a0
                0x00000000400012a4                rom_i2c_exit_critical = 0x400012a4
                0x00000000400012a8                rom_get_i2c_read_mask = 0x400012a8
                0x00000000400012ac                rom_get_i2c_mst0_mask = 0x400012ac
                0x00000000400012b0                rom_get_i2c_hostid = 0x400012b0
                0x00000000400012b4                rom_chip_i2c_readReg_org = 0x400012b4
                0x00000000400012b8                rom_chip_i2c_readReg = 0x400012b8
                0x00000000400012c0                rom_chip_i2c_writeReg = 0x400012c0
                0x00000000400012d0                rom_set_txcap_reg = 0x400012d0
                0x00000000400012d4                i2c_paral_set_mst0 = 0x400012d4
                0x00000000400012d8                i2c_paral_set_read = 0x400012d8
                0x00000000400012dc                i2c_paral_read = 0x400012dc
                0x00000000400012e0                i2c_paral_write = 0x400012e0
                0x00000000400012e4                i2c_paral_write_num = 0x400012e4
                0x00000000400012e8                i2c_paral_write_mask = 0x400012e8
                0x00000000400012ec                i2c_sar2_init_code = 0x400012ec
                0x00000000400012f0                rom_pbus_force_mode = 0x400012f0
                0x00000000400012f4                rom_pbus_rd_addr = 0x400012f4
                0x00000000400012f8                rom_pbus_rd_shift = 0x400012f8
                0x00000000400012fc                rom_pbus_force_test = 0x400012fc
                0x0000000040001300                rom_pbus_rd = 0x40001300
                0x0000000040001304                rom_pbus_set_rxgain = 0x40001304
                0x0000000040001308                rom_pbus_xpd_rx_off = 0x40001308
                0x000000004000130c                rom_pbus_xpd_rx_on = 0x4000130c
                0x0000000040001310                rom_pbus_xpd_tx_off = 0x40001310
                0x0000000040001314                rom_pbus_xpd_tx_on = 0x40001314
                0x0000000040001318                rom_set_loopback_gain = 0x40001318
                0x000000004000131c                rom_txcal_debuge_mode = 0x4000131c
                0x0000000040001320                pbus_debugmode = 0x40001320
                0x0000000040001324                pbus_workmode = 0x40001324
                0x0000000040001328                pbus_set_dco = 0x40001328
                0x000000004000132c                txcal_work_mode = 0x4000132c
                0x0000000040001330                rom_start_tx_tone_step = 0x40001330
                0x0000000040001334                rom_stop_tx_tone = 0x40001334
                0x0000000040001338                disable_agc = 0x40001338
                0x000000004000133c                enable_agc = 0x4000133c
                0x0000000040001340                phy_disable_cca = 0x40001340
                0x0000000040001344                phy_enable_cca = 0x40001344
                0x0000000040001348                write_gain_mem = 0x40001348
                0x000000004000134c                bb_bss_cbw40_dig = 0x4000134c
                0x0000000040001350                cbw2040_cfg = 0x40001350
                0x0000000040001354                mac_tx_chan_offset = 0x40001354
                0x0000000040001358                tx_paon_set = 0x40001358
                0x000000004000135c                pwdet_reg_init = 0x4000135c
                0x0000000040001360                i2cmst_reg_init = 0x40001360
                0x0000000040001364                bt_gain_offset = 0x40001364
                0x0000000040001368                fe_reg_init = 0x40001368
                0x000000004000136c                mac_enable_bb = 0x4000136c
                0x0000000040001370                bb_wdg_cfg = 0x40001370
                0x0000000040001374                fe_txrx_reset = 0x40001374
                0x0000000040001378                set_rx_comp = 0x40001378
                0x000000004000137c                agc_reg_init = 0x4000137c
                0x0000000040001380                bb_reg_init = 0x40001380
                0x0000000040001384                open_i2c_xpd = 0x40001384
                0x0000000040001388                txiq_set_reg = 0x40001388
                0x000000004000138c                rxiq_set_reg = 0x4000138c
                0x0000000040001390                set_txclk_en = 0x40001390
                0x0000000040001394                set_rxclk_en = 0x40001394
                0x0000000040001398                bb_wdg_test_en = 0x40001398
                0x000000004000139c                noise_floor_auto_set = 0x4000139c
                0x00000000400013a0                read_hw_noisefloor = 0x400013a0
                0x00000000400013a4                iq_corr_enable = 0x400013a4
                0x00000000400013a8                wifi_agc_sat_gain = 0x400013a8
                0x00000000400013ac                phy_bbpll_cal = 0x400013ac
                0x00000000400013b0                phy_ant_init = 0x400013b0
                0x00000000400013b4                phy_set_bbfreq_init = 0x400013b4
                0x00000000400013b8                wifi_fbw_sel = 0x400013b8
                0x00000000400013bc                bt_filter_reg = 0x400013bc
                0x00000000400013c0                phy_rx_sense_set = 0x400013c0
                0x00000000400013c4                tx_state_set = 0x400013c4
                0x00000000400013c8                phy_close_pa = 0x400013c8
                0x00000000400013cc                phy_freq_correct = 0x400013cc
                0x00000000400013d0                set_pbus_reg = 0x400013d0
                0x00000000400013d4                wifi_rifs_mode_en = 0x400013d4
                0x00000000400013d8                nrx_freq_set = 0x400013d8
                0x00000000400013dc                fe_adc_on = 0x400013dc
                0x00000000400013e0                phy_force_pwr_index = 0x400013e0
                0x00000000400013e4                rom_iq_est_enable = 0x400013e4
                0x00000000400013e8                rom_iq_est_disable = 0x400013e8
                0x00000000400013ec                rom_bb_gain_index = 0x400013ec
                0x00000000400013f0                rom_rfrx_gain_index = 0x400013f0
                0x00000000400013f4                dc_iq_est = 0x400013f4
                0x00000000400013f8                set_cal_rxdc = 0x400013f8
                0x00000000400013fc                rxiq_get_mis = 0x400013fc
                0x0000000040001400                rxiq_cover_mg_mp = 0x40001400
                0x0000000040001404                rfcal_rxiq = 0x40001404
                0x0000000040001408                get_rfcal_rxiq_data = 0x40001408
                0x000000004000140c                get_dco_comp = 0x4000140c
                0x0000000040001410                pbus_rx_dco_cal = 0x40001410
                0x0000000040001414                rxdc_est_min = 0x40001414
                0x0000000040001418                pbus_rx_dco_cal_1step = 0x40001418
                0x000000004000141c                set_lb_txiq = 0x4000141c
                0x0000000040001420                set_rx_gain_cal_iq = 0x40001420
                0x0000000040001424                set_rx_gain_cal_dc = 0x40001424
                0x0000000040001428                spur_reg_write_one_tone = 0x40001428
                0x000000004000142c                spur_cal = 0x4000142c
                0x0000000040001430                spur_coef_cfg = 0x40001430
                0x0000000040001434                tsens_power_up = 0x40001434
                0x0000000040001438                tsens_read_init = 0x40001438
                0x000000004000143c                code_to_temp = 0x4000143c
                0x0000000040001440                tsens_index_to_dac = 0x40001440
                0x0000000040001444                tsens_index_to_offset = 0x40001444
                0x0000000040001448                tsens_dac_cal = 0x40001448
                0x000000004000144c                tsens_code_read = 0x4000144c
                0x0000000040001450                tsens_temp_read = 0x40001450
                0x0000000040001454                temp_to_power = 0x40001454
                0x0000000040001458                get_temp_init = 0x40001458
                0x000000004000145c                txbbgain_to_index = 0x4000145c
                0x0000000040001460                index_to_txbbgain = 0x40001460
                0x0000000040001464                bt_index_to_bb = 0x40001464
                0x0000000040001468                bt_bb_to_index = 0x40001468
                0x000000004000146c                bt_get_tx_gain = 0x4000146c
                0x0000000040001470                dig_gain_check = 0x40001470
                0x0000000040001474                wifi_get_tx_gain = 0x40001474
                0x0000000040001478                wifi_11g_rate_chg = 0x40001478
                0x000000004000147c                bt_chan_pwr_interp = 0x4000147c
                0x0000000040001480                get_rate_fcc_index = 0x40001480
                0x0000000040001484                get_chan_target_power = 0x40001484
                0x0000000040001488                get_tx_gain_value = 0x40001488
                0x000000004000148c                wifi_get_target_power = 0x4000148c
                0x000000004087fce8                phy_param_rom = 0x4087fce8
                0x000000004000039c                wdt_hal_config_stage = 0x4000039c
                0x00000000400003a0                wdt_hal_write_protect_disable = 0x400003a0
                0x00000000400003a4                wdt_hal_write_protect_enable = 0x400003a4
                0x00000000400003a8                wdt_hal_enable = 0x400003a8
                0x00000000400003ac                wdt_hal_disable = 0x400003ac
                0x00000000400003b0                wdt_hal_handle_intr = 0x400003b0
                0x00000000400003b4                wdt_hal_feed = 0x400003b4
                0x00000000400003b8                wdt_hal_set_flashboot_en = 0x400003b8
                0x00000000400003bc                wdt_hal_is_enabled = 0x400003bc
                0x0000000040000010                _rom_chip_id = 0x40000010
                0x0000000040000014                _rom_eco_version = 0x40000014
                0x0000000060000000                PROVIDE (UART0 = 0x60000000)
                0x0000000060001000                PROVIDE (UART1 = 0x60001000)
                0x0000000060002000                PROVIDE (SPIMEM0 = 0x60002000)
                0x0000000060003000                PROVIDE (SPIMEM1 = 0x60003000)
                [!provide]                        PROVIDE (I2C0 = 0x60004000)
                [!provide]                        PROVIDE (UHCI0 = 0x60005000)
                [!provide]                        PROVIDE (RMT = 0x60006000)
                [!provide]                        PROVIDE (RMTMEM = 0x60006400)
                [!provide]                        PROVIDE (LEDC = 0x60007000)
                0x0000000060008000                PROVIDE (TIMERG0 = 0x60008000)
                0x0000000060009000                PROVIDE (TIMERG1 = 0x60009000)
                [!provide]                        PROVIDE (SYSTIMER = 0x6000a000)
                [!provide]                        PROVIDE (TWAI0 = 0x6000b000)
                [!provide]                        PROVIDE (I2S0 = 0x6000c000)
                [!provide]                        PROVIDE (TWAI1 = 0x6000d000)
                [!provide]                        PROVIDE (APB_SARADC = 0x6000e000)
                [!provide]                        PROVIDE (USB_SERIAL_JTAG = 0x6000f000)
                [!provide]                        PROVIDE (INTMTX = 0x60010000)
                [!provide]                        PROVIDE (ATOMIC_LOCKER = 0x60011000)
                [!provide]                        PROVIDE (PCNT = 0x60012000)
                [!provide]                        PROVIDE (SOC_ETM = 0x60013000)
                [!provide]                        PROVIDE (MCPWM0 = 0x60014000)
                [!provide]                        PROVIDE (PARL_IO = 0x60015000)
                [!provide]                        PROVIDE (HINF = 0x60016000)
                [!provide]                        PROVIDE (SLC = 0x60017000)
                [!provide]                        PROVIDE (HOST = 0x60018000)
                [!provide]                        PROVIDE (PVT_MONITOR = 0x60019000)
                [!provide]                        PROVIDE (GDMA = 0x60080000)
                [!provide]                        PROVIDE (GPSPI2 = 0x60081000)
                [!provide]                        PROVIDE (AES = 0x60088000)
                [!provide]                        PROVIDE (SHA = 0x60089000)
                [!provide]                        PROVIDE (RSA = 0x6008a000)
                [!provide]                        PROVIDE (ECC = 0x6008b000)
                [!provide]                        PROVIDE (DS = 0x6008c000)
                [!provide]                        PROVIDE (HMAC = 0x6008d000)
                [!provide]                        PROVIDE (IO_MUX = 0x60090000)
                [!provide]                        PROVIDE (GPIO = 0x60091000)
                [!provide]                        PROVIDE (GPIO_EXT = 0x60091f00)
                [!provide]                        PROVIDE (SDM = 0x60091f00)
                [!provide]                        PROVIDE (GLITCH_FILTER = 0x60091f30)
                [!provide]                        PROVIDE (GPIO_ETM = 0x60091f60)
                [!provide]                        PROVIDE (MEM_MONITOR = 0x60092000)
                [!provide]                        PROVIDE (PAU = 0x60093000)
                [!provide]                        PROVIDE (HP_SYSTEM = 0x60095000)
                0x0000000060096000                PROVIDE (PCR = 0x60096000)
                [!provide]                        PROVIDE (TEE = 0x60098000)
                [!provide]                        PROVIDE (HP_APM = 0x60099000)
                [!provide]                        PROVIDE (IEEE802154 = 0x600a3000)
                0x00000000600a9800                PROVIDE (MODEM_SYSCON = 0x600a9800)
                0x00000000600af000                PROVIDE (MODEM_LPCON = 0x600af000)
                0x00000000600b0000                PROVIDE (PMU = 0x600b0000)
                0x00000000600b0400                PROVIDE (LP_CLKRST = 0x600b0400)
                0x00000000600b0800                PROVIDE (EFUSE = 0x600b0800)
                0x00000000600b0c00                PROVIDE (LP_TIMER = 0x600b0c00)
                [!provide]                        PROVIDE (LP_AON = 0x600b1000)
                [!provide]                        PROVIDE (LP_UART = 0x600b1400)
                [!provide]                        PROVIDE (LP_I2C = 0x600b1800)
                0x00000000600b1c00                PROVIDE (LP_WDT = 0x600b1c00)
                [!provide]                        PROVIDE (LP_IO = 0x600b2000)
                [!provide]                        PROVIDE (LP_I2C_ANA_MST = 0x600b2400)
                [!provide]                        PROVIDE (LPPERI = 0x600b2800)
                [!provide]                        PROVIDE (LP_ANA_PERI = 0x600b2c00)
                [!provide]                        PROVIDE (LP_APM = 0x600b3800)
                [!provide]                        PROVIDE (OTP_DEBUG = 0x600b3c00)
                0x000000004087c610                bootloader_usable_dram_end = 0x4087c610
                0x0000000000002000                bootloader_stack_overhead = 0x2000
                0x0000000000005000                bootloader_dram_seg_len = 0x5000
                0x0000000000007000                bootloader_iram_loader_seg_len = 0x7000
                0x0000000000002200                bootloader_iram_seg_len = 0x2200
                0x000000004087a610                bootloader_dram_seg_end = (bootloader_usable_dram_end - bootloader_stack_overhead)
                0x0000000040875610                bootloader_dram_seg_start = (bootloader_dram_seg_end - bootloader_dram_seg_len)
                0x000000004086e610                bootloader_iram_loader_seg_start = (bootloader_dram_seg_start - bootloader_iram_loader_seg_len)
                0x000000004086c410                bootloader_iram_seg_start = (bootloader_iram_loader_seg_start - bootloader_iram_seg_len)
                0x0000000000000001                ASSERT ((bootloader_iram_loader_seg_start == 0x4086e610), bootloader_iram_loader_seg_start inconsistent with SRAM_DRAM_END)

.iram_loader.text
                0x000000004086e610     0x2dd2
                0x000000004086e610                . = ALIGN (0x10)
                0x000000004086e610                _loader_text_start = ABSOLUTE (.)
 *(.stub .gnu.warning .gnu.linkonce.literal.* .gnu.linkonce.t.*.literal .gnu.linkonce.t.*)
 *(.iram1 .iram1.*)
 .iram1.0       0x000000004086e610        0x4 .pio\build\esp32-c6-devkitc-1\bootloader\esp-idf\bootloader_support\libbootloader_support.a(flash_encrypt.o)
                0x000000004086e610                esp_flash_encryption_enabled
 .iram1.5       0x000000004086e614       0x52 .pio\build\esp32-c6-devkitc-1\bootloader\esp-idf\bootloader_support\libbootloader_support.a(bootloader_flash.o)
 .iram1.1       0x000000004086e666      0x19a .pio\build\esp32-c6-devkitc-1\bootloader\esp-idf\bootloader_support\libbootloader_support.a(bootloader_flash.o)
                0x000000004086e666                bootloader_flash_execute_command_common
 .iram1.2       0x000000004086e800        0xe .pio\build\esp32-c6-devkitc-1\bootloader\esp-idf\bootloader_support\libbootloader_support.a(bootloader_flash.o)
                0x000000004086e800                bootloader_execute_flash_command
 .iram1.0       0x000000004086e80e      0x15a .pio\build\esp32-c6-devkitc-1\bootloader\esp-idf\bootloader_support\libbootloader_support.a(bootloader_flash.o)
                0x000000004086e80e                bootloader_flash_unlock
 .iram1.3       0x000000004086e968       0x40 .pio\build\esp32-c6-devkitc-1\bootloader\esp-idf\bootloader_support\libbootloader_support.a(bootloader_flash.o)
                0x000000004086e968                bootloader_flash_read_sfdp
 .iram1.4       0x000000004086e9a8       0x34 .pio\build\esp32-c6-devkitc-1\bootloader\esp-idf\bootloader_support\libbootloader_support.a(bootloader_flash.o)
                0x000000004086e9a8                bootloader_read_flash_id
 .iram1.6       0x000000004086e9dc       0xbe .pio\build\esp32-c6-devkitc-1\bootloader\esp-idf\bootloader_support\libbootloader_support.a(bootloader_flash.o)
                0x000000004086e9dc                bootloader_flash_xmc_startup
 .iram1.0       0x000000004086ea9a       0x1c .pio\build\esp32-c6-devkitc-1\bootloader\esp-idf\bootloader_support\libbootloader_support.a(bootloader_flash_config_esp32c6.o)
                0x000000004086ea9a                bootloader_flash_cs_timing_config
 .iram1.2       0x000000004086eab6       0x56 .pio\build\esp32-c6-devkitc-1\bootloader\esp-idf\bootloader_support\libbootloader_support.a(bootloader_flash_config_esp32c6.o)
                0x000000004086eab6                bootloader_configure_spi_pins
 .iram1.0       0x000000004086eb0c       0xee .pio\build\esp32-c6-devkitc-1\bootloader\esp-idf\esp_rom\libesp_rom.a(esp_rom_uart.o)
                0x000000004086eb0c                esp_rom_uart_set_clock_baudrate
 .iram1.0       0x000000004086ebfa       0xda .pio\build\esp32-c6-devkitc-1\bootloader\esp-idf\esp_rom\libesp_rom.a(esp_rom_hp_regi2c_esp32c6.o)
 .iram1.3       0x000000004086ecd4       0x50 .pio\build\esp32-c6-devkitc-1\bootloader\esp-idf\esp_rom\libesp_rom.a(esp_rom_hp_regi2c_esp32c6.o)
                0x000000004086ecd4                esp_rom_regi2c_write
                0x000000004086ecd4                regi2c_write_impl
 .iram1.4       0x000000004086ed24       0xce .pio\build\esp32-c6-devkitc-1\bootloader\esp-idf\esp_rom\libesp_rom.a(esp_rom_hp_regi2c_esp32c6.o)
                0x000000004086ed24                regi2c_write_mask_impl
                0x000000004086ed24                esp_rom_regi2c_write_mask
 .iram1.0       0x000000004086edf2       0x22 .pio\build\esp32-c6-devkitc-1\bootloader\esp-idf\hal\libhal.a(efuse_hal.o)
                0x000000004086edf2                efuse_hal_chip_revision
 .iram1.2       0x000000004086ee14       0x22 .pio\build\esp32-c6-devkitc-1\bootloader\esp-idf\hal\libhal.a(efuse_hal.o)
                0x000000004086ee14                efuse_hal_flash_encryption_enabled
 .iram1.2       0x000000004086ee36       0x20 .pio\build\esp32-c6-devkitc-1\bootloader\esp-idf\hal\libhal.a(lp_timer_hal.o)
                0x000000004086ee36                lp_timer_hal_get_cycle_count
 *liblog.a:(.literal .text .literal.* .text.*)
 .text.esp_log_early_timestamp
                0x000000004086ee56       0x26 .pio\build\esp32-c6-devkitc-1\bootloader\esp-idf\log\liblog.a(log_noos.o)
                0x000000004086ee56                esp_log_early_timestamp
                0x000000004086ee56                esp_log_timestamp
 *libgcc.a:(.literal .text .literal.* .text.*)
 *libbootloader_support.a:bootloader_clock_loader.*(.literal .text .literal.* .text.*)
 *libbootloader_support.a:bootloader_common_loader.*(.literal .text .literal.* .text.*)
 .text.bootloader_common_ota_select_crc
                0x000000004086ee7c        0xe .pio\build\esp32-c6-devkitc-1\bootloader\esp-idf\bootloader_support\libbootloader_support.a(bootloader_common_loader.o)
                0x000000004086ee7c                bootloader_common_ota_select_crc
 .text.bootloader_common_ota_select_invalid
                0x000000004086ee8a       0x16 .pio\build\esp32-c6-devkitc-1\bootloader\esp-idf\bootloader_support\libbootloader_support.a(bootloader_common_loader.o)
                0x000000004086ee8a                bootloader_common_ota_select_invalid
 .text.bootloader_common_ota_select_valid
                0x000000004086eea0       0x2a .pio\build\esp32-c6-devkitc-1\bootloader\esp-idf\bootloader_support\libbootloader_support.a(bootloader_common_loader.o)
                0x000000004086eea0                bootloader_common_ota_select_valid
 .text.bootloader_common_check_chip_validity
                0x000000004086eeca      0x11c .pio\build\esp32-c6-devkitc-1\bootloader\esp-idf\bootloader_support\libbootloader_support.a(bootloader_common_loader.o)
                0x000000004086eeca                bootloader_common_check_chip_validity
 .text.bootloader_common_select_otadata
                0x000000004086efe6       0x38 .pio\build\esp32-c6-devkitc-1\bootloader\esp-idf\bootloader_support\libbootloader_support.a(bootloader_common_loader.o)
                0x000000004086efe6                bootloader_common_select_otadata
 .text.bootloader_common_get_active_otadata
                0x000000004086f01e       0x2e .pio\build\esp32-c6-devkitc-1\bootloader\esp-idf\bootloader_support\libbootloader_support.a(bootloader_common_loader.o)
                0x000000004086f01e                bootloader_common_get_active_otadata
 *libbootloader_support.a:bootloader_flash.*(.literal .text .literal.* .text.*)
 .text.spi_to_esp_err
                0x000000004086f04c       0x22 .pio\build\esp32-c6-devkitc-1\bootloader\esp-idf\bootloader_support\libbootloader_support.a(bootloader_flash.o)
 .text.bootloader_mmap_get_free_pages
                0x000000004086f06e        0x6 .pio\build\esp32-c6-devkitc-1\bootloader\esp-idf\bootloader_support\libbootloader_support.a(bootloader_flash.o)
                0x000000004086f06e                bootloader_mmap_get_free_pages
 .text.bootloader_mmap
                0x000000004086f074       0xc4 .pio\build\esp32-c6-devkitc-1\bootloader\esp-idf\bootloader_support\libbootloader_support.a(bootloader_flash.o)
                0x000000004086f074                bootloader_mmap
 .text.bootloader_munmap
                0x000000004086f138       0x30 .pio\build\esp32-c6-devkitc-1\bootloader\esp-idf\bootloader_support\libbootloader_support.a(bootloader_flash.o)
                0x000000004086f138                bootloader_munmap
 .text.bootloader_flash_read
                0x000000004086f168      0x130 .pio\build\esp32-c6-devkitc-1\bootloader\esp-idf\bootloader_support\libbootloader_support.a(bootloader_flash.o)
                0x000000004086f168                bootloader_flash_read
 .text.bootloader_flash_erase_sector
                0x000000004086f298       0x12 .pio\build\esp32-c6-devkitc-1\bootloader\esp-idf\bootloader_support\libbootloader_support.a(bootloader_flash.o)
                0x000000004086f298                bootloader_flash_erase_sector
 .text.bootloader_flash_write
                0x000000004086f2aa       0xca .pio\build\esp32-c6-devkitc-1\bootloader\esp-idf\bootloader_support\libbootloader_support.a(bootloader_flash.o)
                0x000000004086f2aa                bootloader_flash_write
 .text.bootloader_enable_wp
                0x000000004086f374        0xc .pio\build\esp32-c6-devkitc-1\bootloader\esp-idf\bootloader_support\libbootloader_support.a(bootloader_flash.o)
                0x000000004086f374                bootloader_enable_wp
 *libbootloader_support.a:bootloader_random.*(.literal .text .literal.* .text.*)
 .text.bootloader_fill_random
                0x000000004086f380       0x80 .pio\build\esp32-c6-devkitc-1\bootloader\esp-idf\bootloader_support\libbootloader_support.a(bootloader_random.o)
                0x000000004086f380                bootloader_fill_random
 *libbootloader_support.a:bootloader_random*.*(.literal.bootloader_random_disable .text.bootloader_random_disable)
 .text.bootloader_random_disable
                0x000000004086f400       0xe0 .pio\build\esp32-c6-devkitc-1\bootloader\esp-idf\bootloader_support\libbootloader_support.a(bootloader_random_esp32c6.o)
                0x000000004086f400                bootloader_random_disable
 *libbootloader_support.a:bootloader_random*.*(.literal.bootloader_random_enable .text.bootloader_random_enable)
 .text.bootloader_random_enable
                0x000000004086f4e0      0x144 .pio\build\esp32-c6-devkitc-1\bootloader\esp-idf\bootloader_support\libbootloader_support.a(bootloader_random_esp32c6.o)
                0x000000004086f4e0                bootloader_random_enable
 *libbootloader_support.a:bootloader_efuse.*(.literal .text .literal.* .text.*)
 *libbootloader_support.a:bootloader_utility.*(.literal .text .literal.* .text.*)
 .text.log_invalid_app_partition
                0x000000004086f624       0x84 .pio\build\esp32-c6-devkitc-1\bootloader\esp-idf\bootloader_support\libbootloader_support.a(bootloader_utility.o)
 .text.index_to_partition
                0x000000004086f6a8       0x46 .pio\build\esp32-c6-devkitc-1\bootloader\esp-idf\bootloader_support\libbootloader_support.a(bootloader_utility.o)
 .text.try_load_partition
                0x000000004086f6ee       0x44 .pio\build\esp32-c6-devkitc-1\bootloader\esp-idf\bootloader_support\libbootloader_support.a(bootloader_utility.o)
 .text.cache_ll_l1_enable_bus.constprop.0
                0x000000004086f732       0x30 .pio\build\esp32-c6-devkitc-1\bootloader\esp-idf\bootloader_support\libbootloader_support.a(bootloader_utility.o)
 .text.set_actual_ota_seq
                0x000000004086f762       0xaa .pio\build\esp32-c6-devkitc-1\bootloader\esp-idf\bootloader_support\libbootloader_support.a(bootloader_utility.o)
 .text.load_image
                0x000000004086f80c      0x158 .pio\build\esp32-c6-devkitc-1\bootloader\esp-idf\bootloader_support\libbootloader_support.a(bootloader_utility.o)
 .text.bootloader_utility_load_partition_table
                0x000000004086f964      0x22e .pio\build\esp32-c6-devkitc-1\bootloader\esp-idf\bootloader_support\libbootloader_support.a(bootloader_utility.o)
                0x000000004086f964                bootloader_utility_load_partition_table
 .text.bootloader_utility_get_selected_boot_partition
                0x000000004086fb92      0x17c .pio\build\esp32-c6-devkitc-1\bootloader\esp-idf\bootloader_support\libbootloader_support.a(bootloader_utility.o)
                0x000000004086fb92                bootloader_utility_get_selected_boot_partition
 .text.bootloader_reset
                0x000000004086fd0e       0x1c .pio\build\esp32-c6-devkitc-1\bootloader\esp-idf\bootloader_support\libbootloader_support.a(bootloader_utility.o)
                0x000000004086fd0e                bootloader_reset
 .text.bootloader_utility_load_boot_image
                0x000000004086fd2a      0x11c .pio\build\esp32-c6-devkitc-1\bootloader\esp-idf\bootloader_support\libbootloader_support.a(bootloader_utility.o)
                0x000000004086fd2a                bootloader_utility_load_boot_image
 .text.bootloader_debug_buffer
                0x000000004086fe46        0x2 .pio\build\esp32-c6-devkitc-1\bootloader\esp-idf\bootloader_support\libbootloader_support.a(bootloader_utility.o)
                0x000000004086fe46                bootloader_debug_buffer
 *libbootloader_support.a:bootloader_sha.*(.literal .text .literal.* .text.*)
 .text.bootloader_sha256_start
                0x000000004086fe48       0x2c .pio\build\esp32-c6-devkitc-1\bootloader\esp-idf\bootloader_support\libbootloader_support.a(bootloader_sha.o)
                0x000000004086fe48                bootloader_sha256_start
 .text.bootloader_sha256_data
                0x000000004086fe74       0x34 .pio\build\esp32-c6-devkitc-1\bootloader\esp-idf\bootloader_support\libbootloader_support.a(bootloader_sha.o)
                0x000000004086fe74                bootloader_sha256_data
 .text.bootloader_sha256_finish
                0x000000004086fea8       0x46 .pio\build\esp32-c6-devkitc-1\bootloader\esp-idf\bootloader_support\libbootloader_support.a(bootloader_sha.o)
                0x000000004086fea8                bootloader_sha256_finish
 *libbootloader_support.a:bootloader_console_loader.*(.literal .text .literal.* .text.*)
 .text.bootloader_console_deinit
                0x000000004086feee        0xa .pio\build\esp32-c6-devkitc-1\bootloader\esp-idf\bootloader_support\libbootloader_support.a(bootloader_console_loader.o)
                0x000000004086feee                bootloader_console_deinit
 *libbootloader_support.a:bootloader_panic.*(.literal .text .literal.* .text.*)
 .text.__assert_func
                0x000000004086fef8       0x20 .pio\build\esp32-c6-devkitc-1\bootloader\esp-idf\bootloader_support\libbootloader_support.a(bootloader_panic.o)
                0x000000004086fef8                __assert_func
 .text.unlikely.abort
                0x000000004086ff18       0x26 .pio\build\esp32-c6-devkitc-1\bootloader\esp-idf\bootloader_support\libbootloader_support.a(bootloader_panic.o)
                0x000000004086ff18                abort
 *libbootloader_support.a:bootloader_soc.*(.literal .text .literal.* .text.*)
 .text.bootloader_ana_super_wdt_reset_config
                0x000000004086ff3e       0x32 .pio\build\esp32-c6-devkitc-1\bootloader\esp-idf\bootloader_support\libbootloader_support.a(bootloader_soc.o)
                0x000000004086ff3e                bootloader_ana_super_wdt_reset_config
 .text.bootloader_ana_bod_reset_config
                0x000000004086ff70       0x26 .pio\build\esp32-c6-devkitc-1\bootloader\esp-idf\bootloader_support\libbootloader_support.a(bootloader_soc.o)
                0x000000004086ff70                bootloader_ana_bod_reset_config
 .text.bootloader_ana_clock_glitch_reset_config
                0x000000004086ff96        0x2 .pio\build\esp32-c6-devkitc-1\bootloader\esp-idf\bootloader_support\libbootloader_support.a(bootloader_soc.o)
                0x000000004086ff96                bootloader_ana_clock_glitch_reset_config
 *libbootloader_support.a:esp_image_format.*(.literal .text .literal.* .text.*)
 .text.should_load
                0x000000004086ff98       0x50 .pio\build\esp32-c6-devkitc-1\bootloader\esp-idf\bootloader_support\libbootloader_support.a(esp_image_format.o)
 .text.bootloader_util_regions_overlap
                0x000000004086ffe8       0x4e .pio\build\esp32-c6-devkitc-1\bootloader\esp-idf\bootloader_support\libbootloader_support.a(esp_image_format.o)
 .text.process_segments
                0x0000000040870036      0x42a .pio\build\esp32-c6-devkitc-1\bootloader\esp-idf\bootloader_support\libbootloader_support.a(esp_image_format.o)
 .text.image_load
                0x0000000040870460      0x3f4 .pio\build\esp32-c6-devkitc-1\bootloader\esp-idf\bootloader_support\libbootloader_support.a(esp_image_format.o)
 .text.bootloader_load_image
                0x0000000040870854        0x8 .pio\build\esp32-c6-devkitc-1\bootloader\esp-idf\bootloader_support\libbootloader_support.a(esp_image_format.o)
                0x0000000040870854                bootloader_load_image
 *libbootloader_support.a:flash_encrypt.*(.literal .text .literal.* .text.*)
 *libbootloader_support.a:flash_encryption_secure_features.*(.literal .text .literal.* .text.*)
 *libbootloader_support.a:flash_partitions.*(.literal .text .literal.* .text.*)
 .text.esp_partition_table_verify
                0x000000004087085c      0x17e .pio\build\esp32-c6-devkitc-1\bootloader\esp-idf\bootloader_support\libbootloader_support.a(flash_partitions.o)
                0x000000004087085c                esp_partition_table_verify
 *libbootloader_support.a:secure_boot.*(.literal .text .literal.* .text.*)
 *libbootloader_support.a:secure_boot_secure_features.*(.literal .text .literal.* .text.*)
 *libbootloader_support.a:secure_boot_signatures_bootloader.*(.literal .text .literal.* .text.*)
 *libmicro-ecc.a:*.*(.literal .text .literal.* .text.*)
 *libspi_flash.a:*.*(.literal .text .literal.* .text.*)
 *libhal.a:wdt_hal_iram.*(.literal .text .literal.* .text.*)
 *libhal.a:mmu_hal.*(.literal .text .literal.* .text.*)
 .text.mmu_ll_check_valid_paddr_region.constprop.0
                0x00000000408709da       0x86 .pio\build\esp32-c6-devkitc-1\bootloader\esp-idf\hal\libhal.a(mmu_hal.o)
 .text.mmu_hal_unmap_all
                0x0000000040870a60       0x20 .pio\build\esp32-c6-devkitc-1\bootloader\esp-idf\hal\libhal.a(mmu_hal.o)
                0x0000000040870a60                mmu_hal_unmap_all
 .text.mmu_hal_init
                0x0000000040870a80       0x24 .pio\build\esp32-c6-devkitc-1\bootloader\esp-idf\hal\libhal.a(mmu_hal.o)
                0x0000000040870a80                mmu_hal_init
 .text.mmu_hal_pages_to_bytes
                0x0000000040870aa4       0x30 .pio\build\esp32-c6-devkitc-1\bootloader\esp-idf\hal\libhal.a(mmu_hal.o)
                0x0000000040870aa4                mmu_hal_pages_to_bytes
 .text.mmu_hal_check_valid_ext_vaddr_region
                0x0000000040870ad4       0x1e .pio\build\esp32-c6-devkitc-1\bootloader\esp-idf\hal\libhal.a(mmu_hal.o)
                0x0000000040870ad4                mmu_hal_check_valid_ext_vaddr_region
 .text.mmu_hal_map_region
                0x0000000040870af2      0x104 .pio\build\esp32-c6-devkitc-1\bootloader\esp-idf\hal\libhal.a(mmu_hal.o)
                0x0000000040870af2                mmu_hal_map_region
 *libhal.a:cache_hal.*(.literal .text .literal.* .text.*)
 .text.cache_hal_init
                0x0000000040870bf6       0x46 .pio\build\esp32-c6-devkitc-1\bootloader\esp-idf\hal\libhal.a(cache_hal.o)
                0x0000000040870bf6                cache_hal_init
 .text.cache_hal_disable
                0x0000000040870c3c       0x1e .pio\build\esp32-c6-devkitc-1\bootloader\esp-idf\hal\libhal.a(cache_hal.o)
                0x0000000040870c3c                cache_hal_disable
 .text.cache_hal_enable
                0x0000000040870c5a       0x26 .pio\build\esp32-c6-devkitc-1\bootloader\esp-idf\hal\libhal.a(cache_hal.o)
                0x0000000040870c5a                cache_hal_enable
 *libhal.a:efuse_hal.*(.literal .text .literal.* .text.*)
 .text.efuse_hal_get_major_chip_version
                0x0000000040870c80       0x10 .pio\build\esp32-c6-devkitc-1\bootloader\esp-idf\hal\libhal.a(efuse_hal.o)
                0x0000000040870c80                efuse_hal_get_major_chip_version
 .text.efuse_hal_get_minor_chip_version
                0x0000000040870c90       0x10 .pio\build\esp32-c6-devkitc-1\bootloader\esp-idf\hal\libhal.a(efuse_hal.o)
                0x0000000040870c90                efuse_hal_get_minor_chip_version
 *libesp_hw_support.a:rtc_clk.*(.literal .text .literal.* .text.*)
 .text.rtc_clk_bbpll_disable
                0x0000000040870ca0       0x22 .pio\build\esp32-c6-devkitc-1\bootloader\esp-idf\esp_hw_support\libesp_hw_support.a(rtc_clk.o)
 .text.rtc_clk_cpu_freq_to_8m
                0x0000000040870cc2       0x48 .pio\build\esp32-c6-devkitc-1\bootloader\esp-idf\esp_hw_support\libesp_hw_support.a(rtc_clk.o)
 .text.rtc_clk_cpu_freq_to_xtal
                0x0000000040870d0a       0x5a .pio\build\esp32-c6-devkitc-1\bootloader\esp-idf\esp_hw_support\libesp_hw_support.a(rtc_clk.o)
 .text.rtc_clk_cpu_freq_to_pll_mhz
                0x0000000040870d64       0x82 .pio\build\esp32-c6-devkitc-1\bootloader\esp-idf\esp_hw_support\libesp_hw_support.a(rtc_clk.o)
 .text.rtc_clk_32k_enable.part.0
                0x0000000040870de6       0x54 .pio\build\esp32-c6-devkitc-1\bootloader\esp-idf\esp_hw_support\libesp_hw_support.a(rtc_clk.o)
 .text.rtc_clk_32k_enable
                0x0000000040870e3a       0x1a .pio\build\esp32-c6-devkitc-1\bootloader\esp-idf\esp_hw_support\libesp_hw_support.a(rtc_clk.o)
                0x0000000040870e3a                rtc_clk_32k_enable
 .text.rtc_clk_32k_enable_external
                0x0000000040870e54       0x1a .pio\build\esp32-c6-devkitc-1\bootloader\esp-idf\esp_hw_support\libesp_hw_support.a(rtc_clk.o)
                0x0000000040870e54                rtc_clk_32k_enable_external
 .text.rtc_clk_rc32k_enable
                0x0000000040870e6e       0x2c .pio\build\esp32-c6-devkitc-1\bootloader\esp-idf\esp_hw_support\libesp_hw_support.a(rtc_clk.o)
                0x0000000040870e6e                rtc_clk_rc32k_enable
 .text.rtc_clk_8m_enable
                0x0000000040870e9a       0x2c .pio\build\esp32-c6-devkitc-1\bootloader\esp-idf\esp_hw_support\libesp_hw_support.a(rtc_clk.o)
                0x0000000040870e9a                rtc_clk_8m_enable
 .text.rtc_clk_slow_src_set
                0x0000000040870ec6       0x50 .pio\build\esp32-c6-devkitc-1\bootloader\esp-idf\esp_hw_support\libesp_hw_support.a(rtc_clk.o)
                0x0000000040870ec6                rtc_clk_slow_src_set
 .text.rtc_clk_slow_src_get
                0x0000000040870f16       0x20 .pio\build\esp32-c6-devkitc-1\bootloader\esp-idf\esp_hw_support\libesp_hw_support.a(rtc_clk.o)
                0x0000000040870f16                rtc_clk_slow_src_get
 .text.rtc_clk_slow_freq_get_hz
                0x0000000040870f36       0x20 .pio\build\esp32-c6-devkitc-1\bootloader\esp-idf\esp_hw_support\libesp_hw_support.a(rtc_clk.o)
                0x0000000040870f36                rtc_clk_slow_freq_get_hz
 .text.rtc_clk_fast_src_set
                0x0000000040870f56       0x30 .pio\build\esp32-c6-devkitc-1\bootloader\esp-idf\esp_hw_support\libesp_hw_support.a(rtc_clk.o)
                0x0000000040870f56                rtc_clk_fast_src_set
 .text.rtc_clk_xtal_freq_get